// Jest Snapshot v1, https://goo.gl/fbAQLP

exports[`MyComponent should render correctly in "debug" mode 1`] = `
<BrowserRouter>
  <Switch>
    <Route
      path="/:page"
      render={[Function]}
    />
    <Redirect
      to="/about"
    />
  </Switch>
  <Switch>
    <Route
      component={[Function]}
      exact={true}
      path="/"
    />
    <Route
      component={[Function]}
      exact={true}
      path="/about"
    />
    <Route
      component={[Function]}
      exact={true}
      path="/projects"
    />
    <Route
      component={[Function]}
      exact={true}
      path="/contact"
    />
    <Route
      component={[Function]}
      path="*"
    />
  </Switch>
  <Footer />
</BrowserRouter>
`;
